Created test file at: C:\Users\kakad\OneDrive\Desktop\VoxNav - Copy\click_test.html
python : Traceback (most recent call 
last):
At line:1 char:1
+ python test_click_robustness_repro.py 
> test_output.txt 2>&1
+ ~~~~~~~~~~~~~~~~~~~~~~~~~~~~~~~~~~~~~~~
~~~~~~~~~~~~~~~~~~~~~
    + CategoryInfo          : NotSpecifi 
   ed: (Traceback (most recent call las  
  t)::String) [], RemoteException
    + FullyQualifiedErrorId : NativeComm 
   andError
 
  File 
"C:\Users\kakad\OneDrive\Desktop\VoxNav 
- Copy\test_click_robustness_repro.py", 
line 61, in <module>
    from voxnav_agent import 
find_element_by_fuzzy_text
  File 
"C:\Users\kakad\OneDrive\Desktop\VoxNav 
- Copy\voxnav_agent.py", line 16, in 
<module>
    print("""
    ~~~~~^^^^
    \u2554\u2550\u2550\u2550\u2550\u2550\
u2550\u2550\u2550\u2550\u2550\u2550\u2550
\u2550\u2550\u2550\u2550\u2550\u2550\u255
0\u2550\u2550\u2550\u2550\u2550\u2550\u25
50\u2550\u2550\u2550\u2550\u2550\u2550\u2
550\u2550\u2550\u2550\u2550\u2550\u2550\u
2550\u2550\u2550\u2550\u2550\u2550\u2550\
u2550\u2550\u2550\u2550\u2550\u2550\u2550
\u2550\u2550\u2550\u2550\u2550\u2557
    ^^^^^^^^^^^^^^^^^^^^^^^^^^^^^^^^^^^^^
^^^^^^^^^^^^^^^^^^^^^^^
    ...<2 lines>...
    \u255a\u2550\u2550\u2550\u2550\u2550\
u2550\u2550\u2550\u2550\u2550\u2550\u2550
\u2550\u2550\u2550\u2550\u2550\u2550\u255
0\u2550\u2550\u2550\u2550\u2550\u2550\u25
50\u2550\u2550\u2550\u2550\u2550\u2550\u2
550\u2550\u2550\u2550\u2550\u2550\u2550\u
2550\u2550\u2550\u2550\u2550\u2550\u2550\
u2550\u2550\u2550\u2550\u2550\u2550\u2550
\u2550\u2550\u2550\u2550\u2550\u255d
    ^^^^^^^^^^^^^^^^^^^^^^^^^^^^^^^^^^^^^
^^^^^^^^^^^^^^^^^^^^^^^
    """)
    ^^^^
  File "C:\Program Files\Python313\Lib\en
codings\cp1252.py", line 19, in encode
    return codecs.charmap_encode(input,se
lf.errors,encoding_table)[0]
           ~~~~~~~~~~~~~~~~~~~~~^^^^^^^^^
^^^^^^^^^^^^^^^^^^^^^^^^^
UnicodeEncodeError: 'charmap' codec 
can't encode characters in position 
2-61: character maps to <undefined>
